// Jest Snapshot v1, https://goo.gl/fbAQLP

exports[`App.vue matches snapshot 1`] = `
<body items="item 1,item 2">
  <h1>About</h1><img src="">
  <p> Гра (додаток) в жанрі кліккер. Управління відбувається шляхом натискання клавіш клавіатури. Реалізована можливість гри для сенсорних дисплеїв смартфонів чи планшетів шляхом додавання кнопки, при натисканні на яку набираються очки. Реалізована таблиця лідерів. Для можливості грати та збереження прогресу, тобто данних, які в подальшому будуть відображатись в таблиці лідерів, необхідно бути авторизованим. </p>
  <h5>Виконав: Бербега В.О. КВ-11мп</h5>
</body>
`;
